// Jest Snapshot v1, https://goo.gl/fbAQLP

exports[`Testing <GifItem/> should match with the snapshot 1`] = `
<div>
  <div
    class="card"
  >
    <img
      alt="Kakaroto"
      src="https://example.com/image.jpg"
    />
    <p>
      Kakaroto
    </p>
  </div>
</div>
`;
